
> payrecover-frontend@0.1.0 build
> next build

node.exe : ÔÜá Warning: Next.js inferred your workspace root, but it may not be correct.
En línea: 1 Carácter: 1
+ & "C:\Program Files\nodejs/node.exe" "C:\Program Files\nodejs/node_mo ...
+ ~~~~~~~~~~~~~~~~~~~~~~~~~~~~~~~~~~~~~~~~~~~~~~~~~~~~~~~~~~~~~~~~~~~~~
    + CategoryInfo          : NotSpecified: (ÔÜá Warning: Ne...not be correct.:String) [], RemoteException
    + FullyQualifiedErrorId : NativeCommandError
 
 We detected multiple lockfiles and selected the directory of C:\Users\paulo\package-lock.json as the root directory.
 To silence this warning, set `turbopack.root` in your Next.js config, or consider removing one of the lockfiles if it's not needed.
   See https://nextjs.org/docs/app/api-reference/config/next-config-js/turbopack#root-directory for more information.
 Detected additional lockfiles: 
   * C:\Users\paulo\OneDrive\Desktop\Payrecovery\payrecover-frontend\package-lock.json

Ôû▓ Next.js 16.2.1 (Turbopack)

ÔÜá The "middleware" file convention is deprecated. Please use "proxy" instead. Learn more: https://nextjs.org/docs/messages/middleware-to-proxy
  Creating an optimized production build ...

> Build error occurred
Error: Turbopack build failed with 2 errors:
./OneDrive/Desktop/Payrecovery/payrecover-frontend/src/app/page.tsx:2:1
Export SignedIn doesn't exist in target module
  [90m1 |[0m [90m// @ts-expect-error ÔÇö Clerk v7 RC type mismatch with React 19, resolved at runtime[0m
[31m[1m>[0m [90m2 |[0m [36mimport[0m { [33mSignInButton[0m, [33mSignedIn[0m, [33mSignedOut[0m } [36mfrom[0m [32m"@clerk/nextjs"[0m;
  [90m  |[0m [31m[1m^^^^^^^^^^^^^^^^^^^^^^^^^^^^^^^^^^^^^^^^^^^^^^^^^^^^^^^^^^^^^^^^^^[0m
  [90m3 |[0m [36mimport[0m [33mLink[0m [36mfrom[0m [32m"next/link"[0m;
  [90m4 |[0m
  [90m5 |[0m [36mexport[0m [36mdefault[0m [36mfunction[0m [33mLandingPage[0m() {

The export SignedIn was not found in module [project]/OneDrive/Desktop/Payrecovery/payrecover-frontend/node_modules/@clerk/nextjs/dist/esm/index.js [app-rsc] 
(ecmascript).
Did you mean to import SignIn?
All exports of the module are statically known (It doesn't have dynamic exports). So it's known statically that the requested export doesn't exist.


./OneDrive/Desktop/Payrecovery/payrecover-frontend/src/app/page.tsx:2:1
Export SignedOut doesn't exist in target module
  [90m1 |[0m [90m// @ts-expect-error ÔÇö Clerk v7 RC type mismatch with React 19, resolved at runtime[0m
[31m[1m>[0m [90m2 |[0m [36mimport[0m { [33mSignInButton[0m, [33mSignedIn[0m, [33mSignedOut[0m } [36mfrom[0m [32m"@clerk/nextjs"[0m;
  [90m  |[0m [31m[1m^^^^^^^^^^^^^^^^^^^^^^^^^^^^^^^^^^^^^^^^^^^^^^^^^^^^^^^^^^^^^^^^^^[0m
  [90m3 |[0m [36mimport[0m [33mLink[0m [36mfrom[0m [32m"next/link"[0m;
  [90m4 |[0m
  [90m5 |[0m [36mexport[0m [36mdefault[0m [36mfunction[0m [33mLandingPage[0m() {

The export SignedOut was not found in module [project]/OneDrive/Desktop/Payrecovery/payrecover-frontend/node_modules/@clerk/nextjs/dist/esm/index.js [app-rsc] 
(ecmascript).
Did you mean to import SignOutButton?
All exports of the module are statically known (It doesn't have dynamic exports). So it's known statically that the requested export doesn't exist.


    at <unknown> (./OneDrive/Desktop/Payrecovery/payrecover-frontend/src/app/page.tsx:2:1)
    at <unknown> (./OneDrive/Desktop/Payrecovery/payrecover-frontend/src/app/page.tsx:2:1)
